Namespace(backend='sglang-oai-chat', base_url='http://10.66.1.232:8081', dataset_name='random', dataset_path='/workspace/data/ShareGPT_V3_unfiltered_cleaned_split.json', model='/workspace/data/GLM-5.2-W8A8', tokenizer='/workspace/data/GLM-5.2-W8A8', num_prompts=300, max_concurrency=128, random_input=4096, random_output=2048, random_range_ratio=1.0, request_rate=8.0, pd_separated=True)

[2026-01-14 08:31:22] ERROR: Prefill worker 3 crashed: torch.OutOfMemoryError: CUDA out of memory
[2026-01-14 08:31:22] WARNING: pod mxgpu-prefill-2 restarted (restart count: 1)
[2026-01-14 08:31:23] ERROR: scheduler failed to allocate KV cache for request 7f3c1a20 (seq_len=6144)
[2026-01-14 08:31:25] WARNING: decode worker 1 queue depth 214 > high watermark 192, shedding load
[2026-01-14 08:31:26] ERROR: torch.OutOfMemoryError: CUDA out of memory. Tried to allocate 2.14 GiB (GPU 0; 63.99 GiB total capacity)

100%|████████████████████████████████████████| 300/300 [01:26<00:00, 0.29s/it]

============ Serving Benchmark Result ============
Backend:                                 sglang-oai-chat
Traffic request rate:                    8.00
Max request concurrency:                 128
Successful requests:                     212
Benchmark duration (s):                  85.72
Total input tokens:                      868352
Total generated tokens:                  434176
Request throughput (req/s):              2.47
Input token throughput (tok/s):          10130.10
Output token throughput (tok/s):         5065.05
Total token throughput (tok/s):          15195.15
Concurrency:                             2.47
----------------End-to-End Latency----------------
Mean E2E Latency (ms):                   46464.48
Median E2E Latency (ms):                 44881.63
P90 E2E Latency (ms):                    58525.31
P95 E2E Latency (ms):                    62228.43
P99 E2E Latency (ms):                    72957.46
---------------Time to First Token----------------
Mean TTFT (ms):                          2450.00
Median TTFT (ms):                        2355.56
P90 TTFT (ms):                           3087.26
P95 TTFT (ms):                           3385.39
P99 TTFT (ms):                           4301.52
-----Time per Output Token (excl. 1st token)------
Mean TPOT (ms):                          21.50
Median TPOT (ms):                        20.75
P90 TPOT (ms):                           27.42
P95 TPOT (ms):                           29.18
P99 TPOT (ms):                           34.40
---------------Inter-token Latency----------------
Mean ITL (ms):                           21.60
Median ITL (ms):                         21.08
P90 ITL (ms):                            27.61
P95 ITL (ms):                            29.21
P99 ITL (ms):                            32.68
==================================================
