Namespace(backend='sglang-oai-chat', base_url='http://10.66.1.232:8081', dataset_name='random', dataset_path='/workspace/data/ShareGPT_V3_unfiltered_cleaned_split.json', model='/workspace/data/GLM-5.2-W8A8', tokenizer='/workspace/data/GLM-5.2-W8A8', num_prompts=50, max_concurrency=1, random_input=4096, random_output=2048, random_range_ratio=1.0, request_rate=1.0, pd_separated=True)

100%|████████████████████████████████████████| 50/50 [00:21<00:00, 0.42s/it]

============ Serving Benchmark Result ============
Backend:                                 sglang-oai-chat
Traffic request rate:                    1.00
Max request concurrency:                 1
Successful requests:                     50
Benchmark duration (s):                  21.18
Total input tokens:                      204800
Total generated tokens:                  102400
Request throughput (req/s):              2.36
Input token throughput (tok/s):          9669.50
Output token throughput (tok/s):         4834.75
Total token throughput (tok/s):          14504.25
Concurrency:                             2.36
----------------End-to-End Latency----------------
Mean E2E Latency (ms):                   16008.06
Median E2E Latency (ms):                 16069.49
P90 E2E Latency (ms):                    17468.83
P95 E2E Latency (ms):                    17623.64
P99 E2E Latency (ms):                    18555.13
---------------Time to First Token----------------
Mean TTFT (ms):                          92.80
Median TTFT (ms):                        92.34
P90 TTFT (ms):                           113.25
P95 TTFT (ms):                           114.08
P99 TTFT (ms):                           121.35
-----Time per Output Token (excl. 1st token)------
Mean TPOT (ms):                          7.78
Median TPOT (ms):                        7.83
P90 TPOT (ms):                           8.50
P95 TPOT (ms):                           8.56
P99 TPOT (ms):                           9.02
---------------Inter-token Latency----------------
Mean ITL (ms):                           7.83
Median ITL (ms):                         7.78
P90 ITL (ms):                            8.38
P95 ITL (ms):                            8.70
P99 ITL (ms):                            8.99
==================================================
